<!--[--><main><!--#s1--><p>s1</p><!----> <p id="s2">s2</p><!----> <p data-uid="s3-main">s3</p><!----> <!--#s4--><!---->Text <p id="s4">s4</p><!----> <!--#s5--><p id="x">s5</p><!----> <p id="s6">s6</p><!----> <!--#s7--><!----><div id="s7">s7<!----></div><!----><!----></main><!--]-->
